Running Gradle task 'assembleRelease'...                        
flutter : lib/pages/advisory_page.dart:39:5: Error: The method '_loadHistory' 
isn't defined for the type '_AdvisoryPageState'.
At line:1 char:1
+ flutter build apk 2>&1 | Out-File -FilePath build_output.txt; Get-Con ...
+ ~~~~~~~~~~~~~~~~~~~~~~
    + CategoryInfo          : NotSpecified: (lib/pages/advis...soryPageState'. 
   :String) [], RemoteException
    + FullyQualifiedErrorId : NativeCommandError
 
 - '_AdvisoryPageState' is from 'package:bananaapp/pages/advisory_page.dart' 
('lib/pages/advisory_page.dart').
Try correcting the name to the name of an existing method, or defining a 
method named '_loadHistory'.
    _loadHistory();
    ^^^^^^^^^^^^
lib/pages/advisory_page.dart:245:106: Error: The getter '_loadHistory' isn't 
defined for the type '_AdvisoryPageState'.
 - '_AdvisoryPageState' is from 'package:bananaapp/pages/advisory_page.dart' 
('lib/pages/advisory_page.dart').
Try correcting the name to the name of an existing getter, or defining a 
getter or field named '_loadHistory'.
              IconButton(icon: const Icon(Icons.refresh, size: 18, color: 
AppColors.primary), onPressed: _loadHistory),
                                                                               
           ^^^^^^^^^^^^
lib/pages/advisory_page.dart:256:9: Error: The getter '_isLoadingHistory' 
isn't defined for the type '_AdvisoryPageState'.
 - '_AdvisoryPageState' is from 'package:bananaapp/pages/advisory_page.dart' 
('lib/pages/advisory_page.dart').
Try correcting the name to the name of an existing getter, or defining a 
getter or field named '_isLoadingHistory'.
    if (_isLoadingHistory && _predictionHistory.isEmpty) return const 
Center(child: Padding(padding: EdgeInsets.all(20), child: 
CircularProgressIndicator()));
        ^^^^^^^^^^^^^^^^^
lib/pages/advisory_page.dart:256:30: Error: The getter '_predictionHistory' 
isn't defined for the type '_AdvisoryPageState'.
 - '_AdvisoryPageState' is from 'package:bananaapp/pages/advisory_page.dart' 
('lib/pages/advisory_page.dart').
Try correcting the name to the name of an existing getter, or defining a 
getter or field named '_predictionHistory'.
    if (_isLoadingHistory && _predictionHistory.isEmpty) return const 
Center(child: Padding(padding: EdgeInsets.all(20), child: 
CircularProgressIndicator()));
                             ^^^^^^^^^^^^^^^^^^
lib/pages/advisory_page.dart:257:9: Error: The getter '_predictionHistory' 
isn't defined for the type '_AdvisoryPageState'.
 - '_AdvisoryPageState' is from 'package:bananaapp/pages/advisory_page.dart' 
('lib/pages/advisory_page.dart').
Try correcting the name to the name of an existing getter, or defining a 
getter or field named '_predictionHistory'.
    if (_predictionHistory.isEmpty) return const Center(child: 
Padding(padding: EdgeInsets.all(20), child: Text('No history found.', style: 
TextStyle(color: AppColors.textMuted, fontSize: 13))));
        ^^^^^^^^^^^^^^^^^^
lib/pages/advisory_page.dart:262:18: Error: The getter '_predictionHistory' 
isn't defined for the type '_AdvisoryPageState'.
 - '_AdvisoryPageState' is from 'package:bananaapp/pages/advisory_page.dart' 
('lib/pages/advisory_page.dart').
Try correcting the name to the name of an existing getter, or defining a 
getter or field named '_predictionHistory'.
      itemCount: _predictionHistory.length,
                 ^^^^^^^^^^^^^^^^^^
lib/pages/advisory_page.dart:264:22: Error: The getter '_predictionHistory' 
isn't defined for the type '_AdvisoryPageState'.
 - '_AdvisoryPageState' is from 'package:bananaapp/pages/advisory_page.dart' 
('lib/pages/advisory_page.dart').
Try correcting the name to the name of an existing getter, or defining a 
getter or field named '_predictionHistory'.
        final item = _predictionHistory[index];
                     ^^^^^^^^^^^^^^^^^^
Target kernel_snapshot_program failed: Exception


FAILURE: Build failed with an exception.

* What went wrong:
Execution failed for task ':app:compileFlutterBuildRelease'.
> Process 'command 'C:\Users\GRACE\live\flutter\bin\flutter.bat'' finished 
with non-zero exit value 1

* Try:
> Run with --stacktrace option to get the stack trace.
> Run with --info or --debug option to get more log output.
> Run with --scan to get full insights.
> Get more help at https://help.gradle.org.

BUILD FAILED in 16s
Running Gradle task 'assembleRelease'...                           17.1s
Gradle task assembleRelease failed with exit code 1
